Archive member included to satisfy reference by file (symbol)

c:/program files (x86)/atmel/studio/7.0/toolchain/avr8/avr8-gnu-toolchain/bin/../lib/gcc/avr/5.4.0/../../../../avr/lib/avrxmega3\libm.a(addsf3.o)
                              src/hw/driver/i2c.o (__subsf3)
c:/program files (x86)/atmel/studio/7.0/toolchain/avr8/avr8-gnu-toolchain/bin/../lib/gcc/avr/5.4.0/../../../../avr/lib/avrxmega3\libm.a(addsf3x.o)
                              c:/program files (x86)/atmel/studio/7.0/toolchain/avr8/avr8-gnu-toolchain/bin/../lib/gcc/avr/5.4.0/../../../../avr/lib/avrxmega3\libm.a(addsf3.o) (__addsf3x)
c:/program files (x86)/atmel/studio/7.0/toolchain/avr8/avr8-gnu-toolchain/bin/../lib/gcc/avr/5.4.0/../../../../avr/lib/avrxmega3\libm.a(divsf3.o)
                              src/hw/driver/i2c.o (__divsf3)
c:/program files (x86)/atmel/studio/7.0/toolchain/avr8/avr8-gnu-toolchain/bin/../lib/gcc/avr/5.4.0/../../../../avr/lib/avrxmega3\libm.a(divsf3x.o)
                              c:/program files (x86)/atmel/studio/7.0/toolchain/avr8/avr8-gnu-toolchain/bin/../lib/gcc/avr/5.4.0/../../../../avr/lib/avrxmega3\libm.a(divsf3.o) (__divsf3x)
c:/program files (x86)/atmel/studio/7.0/toolchain/avr8/avr8-gnu-toolchain/bin/../lib/gcc/avr/5.4.0/../../../../avr/lib/avrxmega3\libm.a(fixunssfsi.o)
                              src/hw/driver/i2c.o (__fixunssfsi)
c:/program files (x86)/atmel/studio/7.0/toolchain/avr8/avr8-gnu-toolchain/bin/../lib/gcc/avr/5.4.0/../../../../avr/lib/avrxmega3\libm.a(floatsisf.o)
                              src/hw/driver/i2c.o (__floatunsisf)
c:/program files (x86)/atmel/studio/7.0/toolchain/avr8/avr8-gnu-toolchain/bin/../lib/gcc/avr/5.4.0/../../../../avr/lib/avrxmega3\libm.a(fp_inf.o)
                              c:/program files (x86)/atmel/studio/7.0/toolchain/avr8/avr8-gnu-toolchain/bin/../lib/gcc/avr/5.4.0/../../../../avr/lib/avrxmega3\libm.a(addsf3x.o) (__fp_inf)
c:/program files (x86)/atmel/studio/7.0/toolchain/avr8/avr8-gnu-toolchain/bin/../lib/gcc/avr/5.4.0/../../../../avr/lib/avrxmega3\libm.a(fp_nan.o)
                              c:/program files (x86)/atmel/studio/7.0/toolchain/avr8/avr8-gnu-toolchain/bin/../lib/gcc/avr/5.4.0/../../../../avr/lib/avrxmega3\libm.a(addsf3x.o) (__fp_nan)
c:/program files (x86)/atmel/studio/7.0/toolchain/avr8/avr8-gnu-toolchain/bin/../lib/gcc/avr/5.4.0/../../../../avr/lib/avrxmega3\libm.a(fp_pscA.o)
                              c:/program files (x86)/atmel/studio/7.0/toolchain/avr8/avr8-gnu-toolchain/bin/../lib/gcc/avr/5.4.0/../../../../avr/lib/avrxmega3\libm.a(addsf3x.o) (__fp_pscA)
c:/program files (x86)/atmel/studio/7.0/toolchain/avr8/avr8-gnu-toolchain/bin/../lib/gcc/avr/5.4.0/../../../../avr/lib/avrxmega3\libm.a(fp_pscB.o)
                              c:/program files (x86)/atmel/studio/7.0/toolchain/avr8/avr8-gnu-toolchain/bin/../lib/gcc/avr/5.4.0/../../../../avr/lib/avrxmega3\libm.a(addsf3x.o) (__fp_pscB)
c:/program files (x86)/atmel/studio/7.0/toolchain/avr8/avr8-gnu-toolchain/bin/../lib/gcc/avr/5.4.0/../../../../avr/lib/avrxmega3\libm.a(fp_round.o)
                              c:/program files (x86)/atmel/studio/7.0/toolchain/avr8/avr8-gnu-toolchain/bin/../lib/gcc/avr/5.4.0/../../../../avr/lib/avrxmega3\libm.a(addsf3.o) (__fp_round)
c:/program files (x86)/atmel/studio/7.0/toolchain/avr8/avr8-gnu-toolchain/bin/../lib/gcc/avr/5.4.0/../../../../avr/lib/avrxmega3\libm.a(fp_split3.o)
                              c:/program files (x86)/atmel/studio/7.0/toolchain/avr8/avr8-gnu-toolchain/bin/../lib/gcc/avr/5.4.0/../../../../avr/lib/avrxmega3\libm.a(addsf3x.o) (__fp_split3)
c:/program files (x86)/atmel/studio/7.0/toolchain/avr8/avr8-gnu-toolchain/bin/../lib/gcc/avr/5.4.0/../../../../avr/lib/avrxmega3\libm.a(fp_zero.o)
                              c:/program files (x86)/atmel/studio/7.0/toolchain/avr8/avr8-gnu-toolchain/bin/../lib/gcc/avr/5.4.0/../../../../avr/lib/avrxmega3\libm.a(addsf3x.o) (__fp_zero)
c:/program files (x86)/atmel/studio/7.0/toolchain/avr8/avr8-gnu-toolchain/bin/../lib/gcc/avr/5.4.0/../../../../avr/lib/avrxmega3\libm.a(mulsf3.o)
                              src/hw/driver/i2c.o (__mulsf3)
c:/program files (x86)/atmel/studio/7.0/toolchain/avr8/avr8-gnu-toolchain/bin/../lib/gcc/avr/5.4.0/../../../../avr/lib/avrxmega3\libm.a(mulsf3x.o)
                              c:/program files (x86)/atmel/studio/7.0/toolchain/avr8/avr8-gnu-toolchain/bin/../lib/gcc/avr/5.4.0/../../../../avr/lib/avrxmega3\libm.a(mulsf3.o) (__mulsf3x)
c:/program files (x86)/atmel/studio/7.0/toolchain/avr8/avr8-gnu-toolchain/bin/../lib/gcc/avr/5.4.0/avrxmega3\libgcc.a(_divmodhi4.o)
                              src/hw/driver/cli.o (__divmodhi4)
c:/program files (x86)/atmel/studio/7.0/toolchain/avr8/avr8-gnu-toolchain/bin/../lib/gcc/avr/5.4.0/avrxmega3\libgcc.a(_udivmodsi4.o)
                              src/common/core/qbuffer.o (__udivmodsi4)
c:/program files (x86)/atmel/studio/7.0/toolchain/avr8/avr8-gnu-toolchain/bin/../lib/gcc/avr/5.4.0/avrxmega3\libgcc.a(_exit.o)
[...]
Memory Configuration

Name             Origin             Length             Attributes
text             0x00000000         0x00004000         xr
data             0x00803800         0x00000800         rw !x
eeprom           0x00810000         0x00000100         rw !x
fuse             0x00820000         0x0000000a         rw !x
lock             0x00830000         0x00000400         rw !x
signature        0x00840000         0x00000400         rw !x
user_signatures  0x00850000         0x00000400         rw !x
*default*        0x00000000         0xffffffff

Linker script and memory map

Address of section .data set to 0x803800
                0x00008000                __RODATA_PM_OFFSET__ = 0x8000
LOAD C:/Program Files (x86)/Atmel/Studio/7.0/Packs/atmel/ATtiny_DFP/1.8.332/gcc/dev/attiny1626/avrxmega3/crtattiny1626.o
LOAD src/ap/ap.o
LOAD src/bsp/bsp.o
LOAD src/common/core/qbuffer.o
LOAD src/hw/driver/cli.o
LOAD src/hw/driver/i2c.o
LOAD src/hw/driver/info.o
LOAD src/hw/driver/led.o
LOAD src/hw/driver/reset.o
LOAD src/hw/driver/uart.o
LOAD src/hw/hw.o
LOAD src/main.o
START GROUP
LOAD c:/program files (x86)/atmel/studio/7.0/toolchain/avr8/avr8-gnu-toolchain/bin/../lib/gcc/avr/5.4.0/../../../../avr/lib/avrxmega3\libm.a
END GROUP
START GROUP
LOAD c:/program files (x86)/atmel/studio/7.0/toolchain/avr8/avr8-gnu-toolchain/bin/../lib/gcc/avr/5.4.0/avrxmega3\libgcc.a
LOAD c:/program files (x86)/atmel/studio/7.0/toolchain/avr8/avr8-gnu-toolchain/bin/../lib/gcc/avr/5.4.0/../../../../avr/lib/avrxmega3\libm.a
LOAD c:/program files (x86)/atmel/studio/7.0/toolchain/avr8/avr8-gnu-toolchain/bin/../lib/gcc/avr/5.4.0/../../../../avr/lib/avrxmega3\libc.a
LOAD C:/Program Files (x86)/Atmel/Studio/7.0/Packs/atmel/ATtiny_DFP/1.8.332/gcc/dev/attiny1626/avrxmega3\libattiny1626.a
END GROUP
                [0x00000000]                __TEXT_REGION_ORIGIN__ = DEFINED (__TEXT_REGION_ORIGIN__)?__TEXT_REGION_ORIGIN__:0x0
                [0x00803800]                __DATA_REGION_ORIGIN__ = DEFINED (__DATA_REGION_ORIGIN__)?__DATA_REGION_ORIGIN__:0x802000
                [0x00004000]                __TEXT_REGION_LENGTH__ = DEFINED (__TEXT_REGION_LENGTH__)?__TEXT_REGION_LENGTH__:0x100000
                [0x00000800]                __DATA_REGION_LENGTH__ = DEFINED (__DATA_REGION_LENGTH__)?__DATA_REGION_LENGTH__:0xffa0
                [0x00000100]                __EEPROM_REGION_LENGTH__ = DEFINED (__EEPROM_REGION_LENGTH__)?__EEPROM_REGION_LENGTH__:0x10000
                [0x0000000a]                __FUSE_REGION_LENGTH__ = DEFINED (__FUSE_REGION_LENGTH__)?__FUSE_REGION_LENGTH__:0x400
                0x00000400                __LOCK_REGION_LENGTH__ = DEFINED (__LOCK_REGION_LENGTH__)?__LOCK_REGION_LENGTH__:0x400
                0x00000400                __SIGNATURE_REGION_LENGTH__ = DEFINED (__SIGNATURE_REGION_LENGTH__)?__SIGNATURE_REGION_LENGTH__:0x400
                0x00000400                __USER_SIGNATURE_REGION_LENGTH__ = DEFINED (__USER_SIGNATURE_REGION_LENGTH__)?__USER_SIGNATURE_REGION_LENGTH__:0x400
                0x00008000                __RODATA_PM_OFFSET__ = DEFINED (__RODATA_PM_OFFSET__)?__RODATA_PM_OFFSET__:0x8000

.hash
 *(.hash)

.dynsym
 *(.dynsym)

.dynstr
 *(.dynstr)

.gnu.version
 *(.gnu.version)

.gnu.version_d
 *(.gnu.version_d)

.gnu.version_r
 *(.gnu.version_r)

.rel.init
 *(.rel.init)

.rela.init
 *(.rela.init)

.rel.text
 *(.rel.text)
 *(.rel.text.*)
 *(.rel.gnu.linkonce.t*)

.rela.text
 *(.rela.text)
 *(.rela.text.*)
 *(.rela.gnu.linkonce.t*)

.rel.fini
 *(.rel.fini)

.rela.fini
 *(.rela.fini)

.rel.rodata
 *(.rel.rodata)
 *(.rel.rodata.*)
 *(.rel.gnu.linkonce.r*)

.rela.rodata
 *(.rela.rodata)
 *(.rela.rodata.*)
 *(.rela.gnu.linkonce.r*)

.rel.data
 *(.rel.data)
 *(.rel.data.*)
 *(.rel.gnu.linkonce.d*)

.rela.data
 *(.rela.data)
 *(.rela.data.*)
 *(.rela.gnu.linkonce.d*)

.rel.ctors
 *(.rel.ctors)

.rela.ctors
 *(.rela.ctors)

.rel.dtors
 *(.rel.dtors)

.rela.dtors
 *(.rela.dtors)

.rel.got
 *(.rel.got)

.rela.got
 *(.rela.got)

.rel.bss
 *(.rel.bss)

.rela.bss
 *(.rela.bss)

.rel.plt
 *(.rel.plt)

.rela.plt
 *(.rela.plt)

.text           0x00000000     0x3466
 *(.vectors)
 .vectors       0x00000000       0x78 C:/Program Files (x86)/Atmel/Studio/7.0/Packs/atmel/ATtiny_DFP/1.8.332/gcc/dev/attiny1626/avrxmega3/crtattiny1626.o
                0x00000000                __vector_default
                0x00000000                __vectors
 *(.vectors)
 *(.progmem.gcc*)
                0x00000078                . = ALIGN (0x2)
                0x00000078                __trampolines_start = .
 *(.trampolines)
 .trampolines   0x00000078        0x0 linker stubs
 *(.trampolines*)
                0x00000078                __trampolines_end = .
 *libprintf_flt.a:*(.progmem.data)
 *libc.a:*(.progmem.data)
 .progmem.data  0x00000078       0x3b c:/program files (x86)/atmel/studio/7.0/toolchain/avr8/avr8-gnu-toolchain/bin/../lib/gcc/avr/5.4.0/../../../../avr/lib/avrxmega3\libc.a(strtod.o)
 *(.progmem*)
 .progmem.data.__c.4392
                0x000000b3        0x6 src/hw/driver/cli.o
 .progmem.data.__c.4384
                0x000000b9        0x2 src/hw/driver/cli.o
 .progmem.data.__c.4382
                0x000000bb        0x3 src/hw/driver/cli.o
 .progmem.data.__c.4380
                0x000000be        0x4 src/hw/driver/cli.o
 .progmem.data.__c.4378
                0x000000c2        0xa src/hw/driver/cli.o
 .progmem.data.__c.4376
                0x000000cc       0x15 src/hw/driver/cli.o
 .progmem.data.__c.4359
                0x000000e1        0x6 src/hw/driver/cli.o
 .progmem.data.__c.4351
                0x000000e7        0x2 src/hw/driver/cli.o
 .progmem.data.__c.4349
                0x000000e9        0x3 src/hw/driver/cli.o
 .progmem.data.__c.4347
                0x000000ec        0x4 src/hw/driver/cli.o
 .progmem.data.__c.4345
                0x000000f0        0x8 src/hw/driver/cli.o
 .progmem.data.__c.4343
                0x000000f8        0xa src/hw/driver/cli.o
 .progmem.data.__c.4341
                0x00000102       0x14 src/hw/driver/cli.o
 .progmem.data.__c.4327
                0x00000116       0x20 src/hw/driver/cli.o
 .progmem.data.__c.4322
                0x00000136        0x3 src/hw/driver/cli.o
 .progmem.data.__c.4319
                0x00000139       0x20 src/hw/driver/cli.o
 .progmem.data.__c.4317
                0x00000159        0x3 src/hw/driver/cli.o
 .progmem.data.__c.4170
                0x0000015c        0x6 src/hw/driver/cli.o
 .progmem.data.__c.4168
                0x00000162        0x3 src/hw/driver/cli.o
 .progmem.data.__c.4240
                0x00000165        0x3 src/hw/driver/cli.o
 .progmem.data.__c.4217
                0x00000168        0xb src/hw/driver/cli.o
 .progmem.data.__c.4209
                0x00000173        0x8 src/hw/driver/cli.o
 .progmem.data.__c.4201
                0x0000017b        0x5 src/hw/driver/cli.o
 .progmem.data.__c.4241
                0x00000180        0xa src/hw/driver/i2c.o
 .progmem.data.__c.4175
                0x0000018a        0xb src/hw/driver/info.o
 .progmem.data.__c.4173
                0x00000195       0x1b src/hw/driver/info.o
 .progmem.data.__c.4171
                0x000001b0       0x1b src/hw/driver/info.o
 .progmem.data.__c.4169
                0x000001cb       0x1c src/hw/driver/info.o
 .progmem.data.__c.4167
                0x000001e7       0x1c src/hw/driver/info.o
 .progmem.data.__c.4165
                0x00000203        0x2 src/hw/driver/info.o
 .progmem.data.__c.4163
                0x00000205       0x17 src/hw/driver/info.o
 .progmem.data.__c.4161
                0x0000021c        0x6 src/hw/driver/info.o
 .progmem.data.__c.4159
                0x00000222        0x6 src/hw/driver/info.o
 .progmem.data.__c.4157
                0x00000228        0x6 src/hw/driver/info.o
 .progmem.data.__c.4155
                0x0000022e        0x5 src/hw/driver/info.o
 .progmem.data.__c.4153
                0x00000233        0x5 src/hw/driver/info.o
 .progmem.data.__c.4151
                0x00000238        0x5 src/hw/driver/info.o
 .progmem.data.__c.4149
                0x0000023d        0x5 src/hw/driver/info.o
 .progmem.data.__c.4147
                0x00000242        0x5 src/hw/driver/info.o
 .progmem.data.__c.4144
                0x00000247       0x1d src/hw/driver/info.o
 .progmem.data.__c.4142
                0x00000264        0x2 src/hw/driver/info.o
 .progmem.data.__c.4140
                0x00000266       0x15 src/hw/driver/info.o
 .progmem.data.__c.4138
                0x0000027b        0x2 src/hw/driver/info.o
 .progmem.data.__c.4136
                0x0000027d       0x15 src/hw/driver/info.o
 .progmem.data.__c.4134
                0x00000292       0x23 src/hw/driver/info.o
 .progmem.data.__c.4132
                0x000002b5       0x20 src/hw/driver/info.o
 .progmem.data.__c.4129
                0x000002d5        0x3 src/hw/driver/info.o
 .progmem.data.__c.4127
                0x000002d8       0x24 src/hw/driver/info.o
 .progmem.data.__c.4125
                0x000002fc        0x3 src/hw/driver/info.o
 .progmem.data.__c.4123
                0x000002ff       0x2a src/hw/driver/info.o
 .progmem.data.__c.4120
                0x00000329       0x1d src/hw/driver/info.o
 .progmem.data.__c.4118
                0x00000346        0x2 src/hw/driver/info.o
 .progmem.data.__c.4116
                0x00000348       0x15 src/hw/driver/info.o
 .progmem.data.__c.4114
                0x0000035d        0x7 src/hw/driver/info.o
 .progmem.data.__c.4112
                0x00000364        0x6 src/hw/driver/info.o
 .progmem.data.__c.4109
                0x0000036a       0x1d src/hw/driver/info.o
 .progmem.data.__c.4107
                0x00000387        0x2 src/hw/driver/info.o
 .progmem.data.__c.4105
                0x00000389       0x16 src/hw/driver/info.o
 .progmem.data.__c.4103
                0x0000039f        0x2 src/hw/driver/info.o
 .progmem.data.__c.4101
                0x000003a1       0x16 src/hw/driver/info.o
 .progmem.data.__c.4099
                0x000003b7        0x2 src/hw/driver/info.o
 .progmem.data.__c.4097
                0x000003b9       0x16 src/hw/driver/info.o
 .progmem.data.__c.4095
                0x000003cf        0x2 src/hw/driver/info.o
 .progmem.data.__c.4093
                0x000003d1       0x16 src/hw/driver/info.o
 .progmem.data.__c.4091
                0x000003e7        0x9 src/hw/driver/info.o
 .progmem.data.__c.4089
                0x000003f0        0x7 src/hw/driver/info.o
 .progmem.data.__c.4087
                0x000003f7        0x7 src/hw/driver/info.o
 .progmem.data.__c.4085
                0x000003fe        0x8 src/hw/driver/info.o
 .progmem.data.__c.4082
                0x00000406        0xb src/hw/driver/info.o
 .progmem.data.__c.4080
                0x00000411        0x7 src/hw/driver/info.o
 .progmem.data.__c.4078
                0x00000418        0x7 src/hw/driver/info.o
 .progmem.data.__c.4076
                0x0000041f        0x8 src/hw/driver/info.o
 .progmem.data.__c.4073
                0x00000427        0x5 src/hw/driver/info.o
 .progmem.data.__c.4071
                0x0000042c        0x6 src/hw/driver/info.o
 .progmem.data.__c.4068
                0x00000432        0x6 src/hw/driver/info.o
 .progmem.data.__c.4066
                0x00000438        0x6 src/hw/driver/info.o
 .progmem.data.__c.4064
                0x0000043e        0x6 src/hw/driver/info.o
 .progmem.data.__c.4062
                0x00000444        0x5 src/hw/driver/info.o
 .progmem.data.__c.4059
                0x00000449       0x1e src/hw/driver/info.o
 .progmem.data.__c.4056
                0x00000467       0x1b src/hw/driver/info.o
 .progmem.data.__c.4054
                0x00000482       0x1b src/hw/driver/info.o
 .progmem.data.__c.4052
                0x0000049d       0x1e src/hw/driver/info.o
 .progmem.data.pin_tbl
                0x000004bb        0x6 src/hw/driver/led.o
 .progmem.data.__c.4089
                0x000004c1       0x12 src/hw/driver/reset.o
 .progmem.data.__c.4087
                0x000004d3       0x12 src/hw/driver/reset.o
 .progmem.data.__c.4085
                0x000004e5       0x13 src/hw/driver/reset.o
 .progmem.data.__c.4083
                0x000004f8       0x12 src/hw/driver/reset.o
 .progmem.data.__c.4081
                0x0000050a       0x12 src/hw/driver/reset.o
 .progmem.data.__c.4079
                0x0000051c       0x14 src/hw/driver/reset.o
 .progmem.data.__c.4077
                0x00000530       0x15 src/hw/driver/reset.o
 .progmem.data.__c.4075
                0x00000545        0x2 src/hw/driver/reset.o
 .progmem.data.__c.4113
                0x00000547       0x16 src/hw/driver/reset.o
 .progmem.data.__c.4111
                0x0000055d        0xc src/hw/driver/reset.o
                0x0000056a                . = ALIGN (0x2)
 *fill*         0x00000569        0x1 
 *(.jumptables)
 *(.jumptables*)
 *(.lowtext)
 *(.lowtext*)
                0x0000056a                __ctors_start = .
 *(.ctors)
                0x0000056a                __ctors_end = .
                0x0000056a                __dtors_start = .
 *(.dtors)
                0x0000056a                __dtors_end = .
 SORT(*)(.ctors)
 SORT(*)(.dtors)
 *(.init0)
 .init0         0x0000056a        0x0 C:/Program Files (x86)/Atmel/Studio/7.0/Packs/atmel/ATtiny_DFP/1.8.332/gcc/dev/attiny1626/avrxmega3/crtattiny1626.o
                0x0000056a                __init
 *(.init0)
 *(.init1)
 *(.init1)
 *(.init2)
 .init2         0x0000056a        0xc C:/Program Files (x86)/Atmel/Studio/7.0/Packs/atmel/ATtiny_DFP/1.8.332/gcc/dev/attiny1626/avrxmega3/crtattiny1626.o
 *(.init2)
 *(.init3)
 *(.init3)
 *(.init4)
 .init4         0x00000576       0x10 c:/program files (x86)/atmel/studio/7.0/toolchain/avr8/avr8-gnu-toolchain/bin/../lib/gcc/avr/5.4.0/avrxmega3\libgcc.a(_clear_bss.o)
                0x00000576                __do_clear_bss
 *(.init4)
 *(.init5)
 *(.init5)
 *(.init6)
 *(.init6)
 *(.init7)
 *(.init7)
 *(.init8)
 *(.init8)
 *(.init9)
 .init9         0x00000586        0x8 C:/Program Files (x86)/Atmel/Studio/7.0/Packs/atmel/ATtiny_DFP/1.8.332/gcc/dev/attiny1626/avrxmega3/crtattiny1626.o
 *(.init9)
 *(.text)
 .text          0x0000058e        0x4 C:/Program Files (x86)/Atmel/Studio/7.0/Packs/atmel/ATtiny_DFP/1.8.332/gcc/dev/attiny1626/avrxmega3/crtattiny1626.o
                0x0000058e                __vector_22
                0x0000058e                __vector_28
                0x0000058e                __vector_1
                0x0000058e                __vector_24
                0x0000058e                __vector_12
                0x0000058e                __bad_interrupt
                0x0000058e                __vector_6
                0x0000058e                __vector_3
                0x0000058e                __vector_23
                0x0000058e                __vector_25
                0x0000058e                __vector_11
                0x0000058e                __vector_19
                0x0000058e                __vector_7
                0x0000058e                __vector_27
                0x0000058e                __vector_5
                0x0000058e                __vector_4
                0x0000058e                __vector_9
                0x0000058e                __vector_2
                0x0000058e                __vector_21
                0x0000058e                __vector_15
                0x0000058e                __vector_29
                0x0000058e                __vector_8
                0x0000058e                __vector_26
                0x0000058e                __vector_14
                0x0000058e                __vector_10
                0x0000058e                __vector_16
                0x0000058e                __vector_18
                0x0000058e                __vector_20
 .text          0x00000592       0x12 c:/program files (x86)/atmel/studio/7.0/toolchain/avr8/avr8-gnu-toolchain/bin/../lib/gcc/avr/5.4.0/../../../../avr/lib/avrxmega3\libc.a(memcpy_PF.o)
                0x00000592                memcpy_PF
                0x000005a4                . = ALIGN (0x2)
 *(.text.*)
 .text.apInit   0x000005a4       0x1e src/ap/ap.o
                0x000005a4                apInit
 .text.apMain   0x000005c2       0x36 src/ap/ap.o
                0x000005c2                apMain
 .text.__vector_13
                0x000005f8       0x52 src/bsp/bsp.o
                0x000005f8                __vector_13
 .text.bspInit  0x0000064a       0x2c src/bsp/bsp.o
                0x0000064a                bspInit
 .text.millis   0x00000676       0x18 src/bsp/bsp.o
                0x00000676                millis
 .text.delay    0x0000068e       0x48 src/bsp/bsp.o
                0x0000068e                delay
 .text.qbufferCreate
                0x000006d6       0x22 src/common/core/qbuffer.o
                0x000006d6                qbufferCreate
 .text.qbufferWrite
                0x000006f8       0xba src/common/core/qbuffer.o
                0x000006f8                qbufferWrite
 .text.qbufferRead
                0x000007b2       0xc2 src/common/core/qbuffer.o
                0x000007b2                qbufferRead
 .text.qbufferAvailable
                0x00000874       0x34 src/common/core/qbuffer.o
                0x00000874                qbufferAvailable
 .text.cliLineClean
                0x000008a8       0x18 src/hw/driver/cli.o
 .text.cliLineAdd
                0x000008c0       0x6c src/hw/driver/cli.o
 .text.cliToUpper
                0x0000092c       0x3c src/hw/driver/cli.o
 .text.cliArgsGetStr
                0x00000968       0x2c src/hw/driver/cli.o
 .text.cliArgsIsStr
                0x00000994       0x3c src/hw/driver/cli.o
 .text.cliArgsGetFloat
                0x000009d0       0x36 src/hw/driver/cli.o
 .text.cliArgsGetData
                0x00000a06       0x3c src/hw/driver/cli.o
 .text.cliLineChange
                0x00000a42      0x104 src/hw/driver/cli.o
 .text.cliParseArgs
                0x00000b46       0xa2 src/hw/driver/cli.o
 .text.cliOpen  0x00000be8       0x4e src/hw/driver/cli.o
                0x00000be8                cliOpen
 .text.cliPrintf
                0x00000c36       0x3c src/hw/driver/cli.o
                0x00000c36                cliPrintf
 .text.cliPrintf_P
                0x00000c72       0x3c src/hw/driver/cli.o
                0x00000c72                cliPrintf_P
 .text.cliRunCmd
                0x00000cae       0xc0 src/hw/driver/cli.o
 .text.cliShowPrompt
                0x00000d6e       0x22 src/hw/driver/cli.o
 .text.cliUpdate
                0x00000d90      0x412 src/hw/driver/cli.o
 .text.cliMain  0x000011a2       0x32 src/hw/driver/cli.o
                0x000011a2                cliMain
 .text.cliShowList
                0x000011d4       0x7e src/hw/driver/cli.o
                0x000011d4                cliShowList
 .text.cliMemoryDump
                0x00001252      0x1ba src/hw/driver/cli.o
                0x00001252                cliMemoryDump
 .text.cliMemoryDump_P
                0x0000140c      0x1be src/hw/driver/cli.o
                0x0000140c                cliMemoryDump_P
 .text.cliAdd   0x000015ca       0x68 src/hw/driver/cli.o
                0x000015ca                cliAdd
 .text.cliInit  0x00001632       0x78 src/hw/driver/cli.o
                0x00001632                cliInit
 .text.i2cWaitWrite
                0x000016aa       0x72 src/hw/driver/i2c.o
 .text.i2cInit  0x0000171c       0x10 src/hw/driver/i2c.o
                0x0000171c                i2cInit
 .text.i2cBegin
                0x0000172c       0x68 src/hw/driver/i2c.o
                0x0000172c                i2cBegin
 .text.i2cWriteData
                0x00001794       0x9e src/hw/driver/i2c.o
                0x00001794                i2cWriteData
 .text.i2cEnd   0x00001832        0xc src/hw/driver/i2c.o
                0x00001832                i2cEnd
 .text.i2cIsDeviceReady
                0x0000183e       0x54 src/hw/driver/i2c.o
                0x0000183e                i2cIsDeviceReady
 .text.cliI2c   0x00001892       0x78 src/hw/driver/i2c.o
 .text.cliInfo  0x0000190a      0x4ca src/hw/driver/info.o
                0x0000190a                cliInfo
 .text.infoInit
                0x00001dd4       0x10 src/hw/driver/info.o
                0x00001dd4                infoInit
 .text.ledInit  0x00001de4       0x50 src/hw/driver/led.o
                0x00001de4                ledInit
 .text.ledToggle
                0x00001e34       0x40 src/hw/driver/led.o
                0x00001e34                ledToggle
 .text.resetInit
                0x00001e74       0x70 src/hw/driver/reset.o
                0x00001e74                resetInit
 .text.resetLog
                0x00001ee4       0xbe src/hw/driver/reset.o
                0x00001ee4                resetLog
 .text.resetToBoot
                0x00001fa2       0x10 src/hw/driver/reset.o
                0x00001fa2                resetToBoot
 .text.cliReset
                0x00001fb2       0x8e src/hw/driver/reset.o
 .text.uartRxHandler
                0x00002040       0x50 src/hw/driver/uart.o
 .text.uartInit
                0x00002090       0x20 src/hw/driver/uart.o
                0x00002090                uartInit
 .text.uartOpen
                0x000020b0       0xa6 src/hw/driver/uart.o
                0x000020b0                uartOpen
 .text.uartAvailable
                0x00002156       0x1e src/hw/driver/uart.o
                0x00002156                uartAvailable
 .text.uartWrite
                0x00002174       0xba src/hw/driver/uart.o
                0x00002174                uartWrite
 .text.uartRead
                0x0000222e       0x52 src/hw/driver/uart.o
                0x0000222e                uartRead
 .text.uartPrintf
                0x00002280       0x58 src/hw/driver/uart.o
                0x00002280                uartPrintf
 .text.__vector_17
                0x000022d8       0x50 src/hw/driver/uart.o
                0x000022d8                __vector_17
 .text.hwInit   0x00002328       0x20 src/hw/hw.o
                0x00002328                hwInit
 .text.main     0x00002348       0x12 src/main.o
                0x00002348                main
 .text.avr-libc.fplib
                0x0000235a        0xe c:/program files (x86)/atmel/studio/7.0/toolchain/avr8/avr8-gnu-toolchain/bin/../lib/gcc/avr/5.4.0/../../../../avr/lib/avrxmega3\libm.a(addsf3.o)
                0x0000235a                __subsf3
                0x0000235c                __addsf3
 .text.avr-libc.fplib
                0x00002368       0xcc c:/program files (x86)/atmel/studio/7.0/toolchain/avr8/avr8-gnu-toolchain/bin/../lib/gcc/avr/5.4.0/../../../../avr/lib/avrxmega3\libm.a(addsf3x.o)
                0x0000238a                __addsf3x
 .text.avr-libc.fplib
                0x00002434        0x8 c:/program files (x86)/atmel/studio/7.0/toolchain/avr8/avr8-gnu-toolchain/bin/../lib/gcc/avr/5.4.0/../../../../avr/lib/avrxmega3\libm.a(divsf3.o)
                0x00002434                __divsf3
 .text.avr-libc.fplib
                0x0000243c       0xdc c:/program files (x86)/atmel/studio/7.0/toolchain/avr8/avr8-gnu-toolchain/bin/../lib/gcc/avr/5.4.0/../../../../avr/lib/avrxmega3\libm.a(divsf3x.o)
                0x0000245c                __divsf3x
                0x00002462                __divsf3_pse
 .text.avr-libc.fplib
                0x00002518       0x5e c:/program files (x86)/atmel/studio/7.0/toolchain/avr8/avr8-gnu-toolchain/bin/../lib/gcc/avr/5.4.0/../../../../avr/lib/avrxmega3\libm.a(fixunssfsi.o)
                0x00002518                __fixunssfsi
 .text.avr-libc.fplib
                0x00002576       0x7a c:/program files (x86)/atmel/studio/7.0/toolchain/avr8/avr8-gnu-toolchain/bin/../lib/gcc/avr/5.4.0/../../../../avr/lib/avrxmega3\libm.a(floatsisf.o)
                0x00002576                __floatunsisf
                0x0000257a                __floatsisf
 .text.avr-libc.fplib
                0x000025f0        0xc c:/program files (x86)/atmel/studio/7.0/toolchain/avr8/avr8-gnu-toolchain/bin/../lib/gcc/avr/5.4.0/../../../../avr/lib/avrxmega3\libm.a(fp_inf.o)
                0x000025f0                __fp_inf
 .text.avr-libc.fplib
                0x000025fc        0x6 c:/program files (x86)/atmel/studio/7.0/toolchain/avr8/avr8-gnu-toolchain/bin/../lib/gcc/avr/5.4.0/../../../../avr/lib/avrxmega3\libm.a(fp_nan.o)
                0x000025fc                __fp_nan
 .text.avr-libc.fplib
                0x00002602        0xe c:/program files (x86)/atmel/studio/7.0/toolchain/avr8/avr8-gnu-toolchain/bin/../lib/gcc/avr/5.4.0/../../../../avr/lib/avrxmega3\libm.a(fp_pscA.o)
                0x00002602                __fp_pscA
 .text.avr-libc.fplib
                0x00002610        0xe c:/program files (x86)/atmel/studio/7.0/toolchain/avr8/avr8-gnu-toolchain/bin/../lib/gcc/avr/5.4.0/../../../../avr/lib/avrxmega3\libm.a(fp_pscB.o)
                0x00002610                __fp_pscB
 .text.avr-libc.fplib
                0x0000261e       0x22 c:/program files (x86)/atmel/studio/7.0/toolchain/avr8/avr8-gnu-toolchain/bin/../lib/gcc/avr/5.4.0/../../../../avr/lib/avrxmega3\libm.a(fp_round.o)
                0x0000261e                __fp_round
 .text.avr-libc.fplib
                0x00002640       0x44 c:/program files (x86)/atmel/studio/7.0/toolchain/avr8/avr8-gnu-toolchain/bin/../lib/gcc/avr/5.4.0/../../../../avr/lib/avrxmega3\libm.a(fp_split3.o)
                0x00002640                __fp_split3
                0x00002650                __fp_splitA
 .text.avr-libc.fplib
                0x00002684        0xe c:/program files (x86)/atmel/studio/7.0/toolchain/avr8/avr8-gnu-toolchain/bin/../lib/gcc/avr/5.4.0/../../../../avr/lib/avrxmega3\libm.a(fp_zero.o)
                0x00002684                __fp_zero
                0x00002686                __fp_szero
 .text.avr-libc.fplib
                0x00002692        0x8 c:/program files (x86)/atmel/studio/7.0/toolchain/avr8/avr8-gnu-toolchain/bin/../lib/gcc/avr/5.4.0/../../../../avr/lib/avrxmega3\libm.a(mulsf3.o)
                0x00002692                __mulsf3
 .text.avr-libc.fplib
                0x0000269a       0xd2 c:/program files (x86)/atmel/studio/7.0/toolchain/avr8/avr8-gnu-toolchain/bin/../lib/gcc/avr/5.4.0/../../../../avr/lib/avrxmega3\libm.a(mulsf3x.o)
                0x000026b8                __mulsf3x
                0x000026be                __mulsf3_pse
 .text.libgcc.div
                0x0000276c       0x28 c:/program files (x86)/atmel/studio/7.0/toolchain/avr8/avr8-gnu-toolchain/bin/../lib/gcc/avr/5.4.0/avrxmega3\libgcc.a(_divmodhi4.o)
                0x0000276c                _div
                0x0000276c                __divmodhi4
 .text.libgcc.div
                0x00002794       0x44 c:/program files (x86)/atmel/studio/7.0/toolchain/avr8/avr8-gnu-toolchain/bin/../lib/gcc/avr/5.4.0/avrxmega3\libgcc.a(_udivmodsi4.o)
                0x00002794                __udivmodsi4
 .text.libgcc.div
                0x000027d8       0x28 c:/program files (x86)/atmel/studio/7.0/toolchain/avr8/avr8-gnu-toolchain/bin/../lib/gcc/avr/5.4.0/avrxmega3\libgcc.a(_udivmodhi4.o)
                0x000027d8                __udivmodhi4
 .text.avr-libc
                0x00002800      0x29c c:/program files (x86)/atmel/studio/7.0/toolchain/avr8/avr8-gnu-toolchain/bin/../lib/gcc/avr/5.4.0/../../../../avr/lib/avrxmega3\libc.a(strtod.o)
                0x00002800                strtod
 .text.avr-libc
                0x00002a9c      0x1ea c:/program files (x86)/atmel/studio/7.0/toolchain/avr8/avr8-gnu-toolchain/bin/../lib/gcc/avr/5.4.0/../../../../avr/lib/avrxmega3\libc.a(strtoul.o)
                0x00002a9c                strtoul
 .text.avr-libc
                0x00002c86       0x3c c:/program files (x86)/atmel/studio/7.0/toolchain/avr8/avr8-gnu-toolchain/bin/../lib/gcc/avr/5.4.0/../../../../avr/lib/avrxmega3\libc.a(atoi.o)
                0x00002c86                atoi
 .text.avr-libc
                0x00002cc2       0x12 c:/program files (x86)/atmel/studio/7.0/toolchain/avr8/avr8-gnu-toolchain/bin/../lib/gcc/avr/5.4.0/../../../../avr/lib/avrxmega3\libc.a(isspace.o)
                0x00002cc2                isspace
 .text.avr-libc
                0x00002cd4       0x30 c:/program files (x86)/atmel/studio/7.0/toolchain/avr8/avr8-gnu-toolchain/bin/../lib/gcc/avr/5.4.0/../../../../avr/lib/avrxmega3\libc.a(strncasecmp_P.o)
                0x00002cd4                strncasecmp_P
 .text.avr-libc
                0x00002d04       0x12 c:/program files (x86)/atmel/studio/7.0/toolchain/avr8/avr8-gnu-toolchain/bin/../lib/gcc/avr/5.4.0/../../../../avr/lib/avrxmega3\libc.a(strcmp.o)
                0x00002d04                strcmp
 .text.avr-libc
                0x00002d16        0xe c:/program files (x86)/atmel/studio/7.0/toolchain/avr8/avr8-gnu-toolchain/bin/../lib/gcc/avr/5.4.0/../../../../avr/lib/avrxmega3\libc.a(strcpy.o)
                0x00002d16                strcpy
 .text.avr-libc
                0x00002d24       0x4e c:/program files (x86)/atmel/studio/7.0/toolchain/avr8/avr8-gnu-toolchain/bin/../lib/gcc/avr/5.4.0/../../../../avr/lib/avrxmega3\libc.a(strtok_r.o)
                0x00002d24                strtok_r
 .text.avr-libc
                0x00002d72       0x10 c:/program files (x86)/atmel/studio/7.0/toolchain/avr8/avr8-gnu-toolchain/bin/../lib/gcc/avr/5.4.0/../../../../avr/lib/avrxmega3\libc.a(mul10.o)
                0x00002d72                __mulhi_const_10
 .text.avr-libc
                0x00002d82       0x58 c:/program files (x86)/atmel/studio/7.0/toolchain/avr8/avr8-gnu-toolchain/bin/../lib/gcc/avr/5.4.0/../../../../avr/lib/avrxmega3\libc.a(vsnprintf.o)
                0x00002d82                vsnprintf
 .text.avr-libc
                0x00002dda       0x58 c:/program files (x86)/atmel/studio/7.0/toolchain/avr8/avr8-gnu-toolchain/bin/../lib/gcc/avr/5.4.0/../../../../avr/lib/avrxmega3\libc.a(vsnprintf_p.o)
                0x00002dda                vsnprintf_P
 .text.avr-libc.fplib
                0x00002e32        0xa c:/program files (x86)/atmel/studio/7.0/toolchain/avr8/avr8-gnu-toolchain/bin/../lib/gcc/avr/5.4.0/../../../../avr/lib/avrxmega3\libc.a(cmpsf2.o)
                0x00002e32                __nesf2
                0x00002e32                __eqsf2
                0x00002e32                __cmpsf2
                0x00002e32                __ltsf2
                0x00002e32                __lesf2
 .text.avr-libc.fplib
                0x00002e3c       0x48 c:/program files (x86)/atmel/studio/7.0/toolchain/avr8/avr8-gnu-toolchain/bin/../lib/gcc/avr/5.4.0/../../../../avr/lib/avrxmega3\libc.a(fp_cmp.o)
                0x00002e3c                __fp_cmp
 .text.avr-libc
                0x00002e84      0x3c2 c:/program files (x86)/atmel/studio/7.0/toolchain/avr8/avr8-gnu-toolchain/bin/../lib/gcc/avr/5.4.0/../../../../avr/lib/avrxmega3\libc.a(vfprintf_std.o)
                0x00002e84                vfprintf
 .text.avr-libc
                0x00003246        0x6 c:/program files (x86)/atmel/studio/7.0/toolchain/avr8/avr8-gnu-toolchain/bin/../lib/gcc/avr/5.4.0/../../../../avr/lib/avrxmega3\libc.a(cty_isfalse.o)
                0x00003246                __ctype_isfalse
                0x0000324a                __ctype_istrue
 .text.avr-libc
                0x0000324c       0x16 c:/program files (x86)/atmel/studio/7.0/toolchain/avr8/avr8-gnu-toolchain/bin/../lib/gcc/avr/5.4.0/../../../../avr/lib/avrxmega3\libc.a(strnlen_P.o)
                0x0000324c                strnlen_P
 .text.avr-libc
                0x00003262       0x16 c:/program files (x86)/atmel/studio/7.0/toolchain/avr8/avr8-gnu-toolchain/bin/../lib/gcc/avr/5.4.0/../../../../avr/lib/avrxmega3\libc.a(strnlen.o)
                0x00003262                strnlen
 .text.avr-libc
                0x00003278       0x78 c:/program files (x86)/atmel/studio/7.0/toolchain/avr8/avr8-gnu-toolchain/bin/../lib/gcc/avr/5.4.0/../../../../avr/lib/avrxmega3\libc.a(fputc.o)
                0x00003278                fputc
 .text.avr-libc
                0x000032f0       0xbc c:/program files (x86)/atmel/studio/7.0/toolchain/avr8/avr8-gnu-toolchain/bin/../lib/gcc/avr/5.4.0/../../../../avr/lib/avrxmega3\libc.a(ultoa_invert.o)
                0x000032f0                __ultoa_invert
 .text.libgcc.mul
                0x000033ac       0x20 c:/program files (x86)/atmel/studio/7.0/toolchain/avr8/avr8-gnu-toolchain/bin/../lib/gcc/avr/5.4.0/avrxmega3\libgcc.a(_mulsi3.o)
                0x000033ac                __mulsi3
 .text.libgcc.mul
                0x000033cc       0x16 c:/program files (x86)/atmel/studio/7.0/toolchain/avr8/avr8-gnu-toolchain/bin/../lib/gcc/avr/5.4.0/avrxmega3\libgcc.a(_muluhisi3.o)
                0x000033cc                __muluhisi3
 .text.libgcc.prologue
                0x000033e2       0x32 c:/program files (x86)/atmel/studio/7.0/toolchain/avr8/avr8-gnu-toolchain/bin/../lib/gcc/avr/5.4.0/avrxmega3\libgcc.a(_prologue.o)
                0x000033e2                __prologue_saves__
 .text.libgcc.prologue
                0x00003414       0x30 c:/program files (x86)/atmel/studio/7.0/toolchain/avr8/avr8-gnu-toolchain/bin/../lib/gcc/avr/5.4.0/avrxmega3\libgcc.a(_epilogue.o)
                0x00003414                __epilogue_restores__
 .text.libgcc.mul
                0x00003444       0x1e c:/program files (x86)/atmel/studio/7.0/toolchain/avr8/avr8-gnu-toolchain/bin/../lib/gcc/avr/5.4.0/avrxmega3\libgcc.a(_umulhisi3.o)
                0x00003444                __umulhisi3
                0x00003462                . = ALIGN (0x2)
 *(.fini9)
 .fini9         0x00003462        0x0 c:/program files (x86)/atmel/studio/7.0/toolchain/avr8/avr8-gnu-toolchain/bin/../lib/gcc/avr/5.4.0/avrxmega3\libgcc.a(_exit.o)
                0x00003462                _exit
                0x00003462                exit
 *(.fini9)
 *(.fini8)
 *(.fini8)
 *(.fini7)
 *(.fini7)
 *(.fini6)
 *(.fini6)
 *(.fini5)
 *(.fini5)
 *(.fini4)
 *(.fini4)
 *(.fini3)
 *(.fini3)
 *(.fini2)
 *(.fini2)
 *(.fini1)
 *(.fini1)
 *(.fini0)
 .fini0         0x00003462        0x4 c:/program files (x86)/atmel/studio/7.0/toolchain/avr8/avr8-gnu-toolchain/bin/../lib/gcc/avr/5.4.0/avrxmega3\libgcc.a(_exit.o)
 *(.fini0)
                0x00003466                _etext = .

.rodata         0x0000b466       0x63 load address 0x00003466
 *(.rodata)
 *(.rodata*)
 .rodata.str1.1
                0x0000b466       0x2a src/hw/driver/cli.o
 .rodata.str1.1
                0x0000b490       0x24 src/hw/driver/i2c.o
 .rodata.str1.1
                0x0000b4b4        0xa src/hw/driver/info.o
 .rodata.str1.1
                0x0000b4be        0xb src/hw/driver/reset.o
                                 0x10 (size before relaxing)
 *(.gnu.linkonce.r*)

.data           0x00803800        0x0 load address 0x000034c9
                [!provide]                PROVIDE (__data_start, .)
 *(.data)
 *(.data*)
 *(.gnu.linkonce.d*)
                0x00803800                . = ALIGN (0x2)
                0x00803800                _edata = .
                [!provide]                PROVIDE (__data_end, .)

.bss            0x00803800      0x3bf
                0x00803800                PROVIDE (__bss_start, .)
 *(.bss)
 *(.bss*)
 .bss.ms_cnt    0x00803800        0x4 src/bsp/bsp.o
 .bss.reset_bits
                0x00803804        0x1 src/hw/driver/reset.o
 .bss.reset_mode
                0x00803805        0x1 src/hw/driver/reset.o
 *(COMMON)
 COMMON         0x00803806      0x360 src/hw/driver/cli.o
                0x00803806                cli_node
 COMMON         0x00803b66       0x57 src/hw/driver/uart.o
                0x00803b66                uart_tbl
 COMMON         0x00803bbd        0x2 c:/program files (x86)/atmel/studio/7.0/toolchain/avr8/avr8-gnu-toolchain/bin/../lib/gcc/avr/5.4.0/../../../../avr/lib/avrxmega3\libc.a(errno.o)
                0x00803bbd                errno
                0x00803bbf                PROVIDE (__bss_end, .)
                0x000034c9                __data_load_start = LOADADDR (.data)
                0x000034c9                __data_load_end = (__data_load_start + SIZEOF (.data))

.noinit         0x00803bbf        0x0
                [!provide]                PROVIDE (__noinit_start, .)
 *(.noinit*)
                [!provide]                PROVIDE (__noinit_end, .)
                0x00803bbf                _end = .
                [!provide]                PROVIDE (__heap_start, .)

.eeprom         0x00810000        0x0
 *(.eeprom*)
                0x00810000                __eeprom_end = .

.fuse
 *(.fuse)
 *(.lfuse)
 *(.hfuse)
 *(.efuse)

.lock
 *(.lock*)

.signature
 *(.signature*)

.user_signatures
 *(.user_signatures*)

.stab
 *(.stab)

.stabstr
 *(.stabstr)

.stab.excl
 *(.stab.excl)

.stab.exclstr
 *(.stab.exclstr)

.stab.index
 *(.stab.index)

.stab.indexstr
 *(.stab.indexstr)

.comment        0x00000000       0x5c
 *(.comment)
 .comment       0x00000000       0x30 src/ap/ap.o
                                 0x31 (size before relaxing)
 .comment       0x00000030       0x31 src/bsp/bsp.o
 .comment       0x00000030       0x31 src/common/core/qbuffer.o
 .comment       0x00000030       0x31 src/hw/driver/cli.o
 .comment       0x00000030       0x31 src/hw/driver/i2c.o
 .comment       0x00000030       0x31 src/hw/driver/info.o
 .comment       0x00000030       0x31 src/hw/driver/led.o
 .comment       0x00000030       0x31 src/hw/driver/reset.o
 .comment       0x00000030       0x31 src/hw/driver/uart.o
 .comment       0x00000030       0x31 src/hw/hw.o
 .comment       0x00000030       0x31 src/main.o
 .comment       0x00000030       0x31 c:/program files (x86)/atmel/studio/7.0/toolchain/avr8/avr8-gnu-toolchain/bin/../lib/gcc/avr/5.4.0/../../../../avr/lib/avrxmega3\libc.a(strtod.o)
 .comment       0x00000030       0x31 c:/program files (x86)/atmel/studio/7.0/toolchain/avr8/avr8-gnu-toolchain/bin/../lib/gcc/avr/5.4.0/../../../../avr/lib/avrxmega3\libc.a(strtoul.o)
 .comment       0x00000030       0x31 c:/program files (x86)/atmel/studio/7.0/toolchain/avr8/avr8-gnu-toolchain/bin/../lib/gcc/avr/5.4.0/../../../../avr/lib/avrxmega3\libc.a(vsnprintf.o)
 .comment       0x00000030       0x31 c:/program files (x86)/atmel/studio/7.0/toolchain/avr8/avr8-gnu-toolchain/bin/../lib/gcc/avr/5.4.0/../../../../avr/lib/avrxmega3\libc.a(vsnprintf_p.o)
 .comment       0x00000030       0x2c c:/program files (x86)/atmel/studio/7.0/toolchain/avr8/avr8-gnu-toolchain/bin/../lib/gcc/avr/5.4.0/../../../../avr/lib/avrxmega3\libc.a(vfprintf_std.o)
                                 0x2d (size before relaxing)
 .comment       0x0000005c       0x2d c:/program files (x86)/atmel/studio/7.0/toolchain/avr8/avr8-gnu-toolchain/bin/../lib/gcc/avr/5.4.0/../../../../avr/lib/avrxmega3\libc.a(errno.o)
 .comment       0x0000005c       0x31 c:/program files (x86)/atmel/studio/7.0/toolchain/avr8/avr8-gnu-toolchain/bin/../lib/gcc/avr/5.4.0/../../../../avr/lib/avrxmega3\libc.a(fputc.o)

.note.gnu.avr.deviceinfo
                0x00000000       0x40
 .note.gnu.avr.deviceinfo
                0x00000000       0x40 C:/Program Files (x86)/Atmel/Studio/7.0/Packs/atmel/ATtiny_DFP/1.8.332/gcc/dev/attiny1626/avrxmega3/crtattiny1626.o

.note.gnu.build-id
 *(.note.gnu.build-id)

.debug
 *(.debug)

.line
 *(.line)

.debug_srcinfo
 *(.debug_srcinfo)

.debug_sfnames
 *(.debug_sfnames)

.debug_aranges  0x00000000      0x398
 *(.debug_aranges)
 .debug_aranges
                0x00000000       0x28 src/ap/ap.o
 .debug_aranges
                0x00000028       0x40 src/bsp/bsp.o
 .debug_aranges
                0x00000068       0x48 src/common/core/qbuffer.o
 .debug_aranges
                0x000000b0       0xf8 src/hw/driver/cli.o
 .debug_aranges
                0x000001a8       0x60 src/hw/driver/i2c.o
 .debug_aranges
                0x00000208       0x28 src/hw/driver/info.o
 .debug_aranges
                0x00000230       0x38 src/hw/driver/led.o
 .debug_aranges
                0x00000268       0x58 src/hw/driver/reset.o
 .debug_aranges
                0x000002c0       0x98 src/hw/driver/uart.o
 .debug_aranges
                0x00000358       0x20 src/hw/hw.o
 .debug_aranges
                0x00000378       0x20 src/main.o

.debug_pubnames
 *(.debug_pubnames)

.debug_info     0x00000000     0x5c84
 *(.debug_info .gnu.linkonce.wi.*)
 .debug_info    0x00000000     0x19bc C:/Program Files (x86)/Atmel/Studio/7.0/Packs/atmel/ATtiny_DFP/1.8.332/gcc/dev/attiny1626/avrxmega3/crtattiny1626.o
 .debug_info    0x000019bc      0x199 src/ap/ap.o
 .debug_info    0x00001b55      0x4a2 src/bsp/bsp.o
 .debug_info    0x00001ff7      0x2b1 src/common/core/qbuffer.o
 .debug_info    0x000022a8     0x144a src/hw/driver/cli.o
 .debug_info    0x000036f2      0x8d3 src/hw/driver/i2c.o
 .debug_info    0x00003fc5      0x4f4 src/hw/driver/info.o
 .debug_info    0x000044b9      0x591 src/hw/driver/led.o
 .debug_info    0x00004a4a      0x4ca src/hw/driver/reset.o
 .debug_info    0x00004f14      0xb5a src/hw/driver/uart.o
 .debug_info    0x00005a6e      0x137 src/hw/hw.o
 .debug_info    0x00005ba5       0xdf src/main.o

.debug_abbrev   0x00000000     0x2a38
 *(.debug_abbrev)
 .debug_abbrev  0x00000000     0x185e C:/Program Files (x86)/Atmel/Studio/7.0/Packs/atmel/ATtiny_DFP/1.8.332/gcc/dev/attiny1626/avrxmega3/crtattiny1626.o
 .debug_abbrev  0x0000185e       0xc0 src/ap/ap.o
 .debug_abbrev  0x0000191e      0x1b3 src/bsp/bsp.o
 .debug_abbrev  0x00001ad1      0x136 src/common/core/qbuffer.o
 .debug_abbrev  0x00001c07      0x361 src/hw/driver/cli.o
 .debug_abbrev  0x00001f68      0x233 src/hw/driver/i2c.o
 .debug_abbrev  0x0000219b      0x168 src/hw/driver/info.o
 .debug_abbrev  0x00002303      0x14d src/hw/driver/led.o
 .debug_abbrev  0x00002450      0x217 src/hw/driver/reset.o
 .debug_abbrev  0x00002667      0x307 src/hw/driver/uart.o
 .debug_abbrev  0x0000296e       0x65 src/hw/hw.o
 .debug_abbrev  0x000029d3       0x65 src/main.o

.debug_line     0x00000000     0x2216
 *(.debug_line .debug_line.* .debug_line_end)
 .debug_line    0x00000000      0x14b C:/Program Files (x86)/Atmel/Studio/7.0/Packs/atmel/ATtiny_DFP/1.8.332/gcc/dev/attiny1626/avrxmega3/crtattiny1626.o
 .debug_line    0x0000014b      0x11e src/ap/ap.o
 .debug_line    0x00000269      0x1ca src/bsp/bsp.o
 .debug_line    0x00000433      0x1d1 src/common/core/qbuffer.o
 .debug_line    0x00000604      0xbc3 src/hw/driver/cli.o
 .debug_line    0x000011c7      0x39e src/hw/driver/i2c.o
 .debug_line    0x00001565      0x242 src/hw/driver/info.o
 .debug_line    0x000017a7      0x1aa src/hw/driver/led.o
 .debug_line    0x00001951      0x2f6 src/hw/driver/reset.o
 .debug_line    0x00001c47      0x48d src/hw/driver/uart.o
 .debug_line    0x000020d4       0xcb src/hw/hw.o
 .debug_line    0x0000219f       0x77 src/main.o

.debug_frame    0x00000000      0xbd4
 *(.debug_frame)
 .debug_frame   0x00000000       0x34 src/ap/ap.o
 .debug_frame   0x00000034       0xbc src/bsp/bsp.o
 .debug_frame   0x000000f0      0x110 src/common/core/qbuffer.o
 .debug_frame   0x00000200      0x3c8 src/hw/driver/cli.o
 .debug_frame   0x000005c8      0x1dc src/hw/driver/i2c.o
 .debug_frame   0x000007a4       0x64 src/hw/driver/info.o
 .debug_frame   0x00000808       0x54 src/hw/driver/led.o
 .debug_frame   0x0000085c      0x100 src/hw/driver/reset.o
 .debug_frame   0x0000095c      0x230 src/hw/driver/uart.o
 .debug_frame   0x00000b8c       0x24 src/hw/hw.o
 .debug_frame   0x00000bb0       0x24 src/main.o

.debug_str      0x00000000     0x1925
 *(.debug_str)
 .debug_str     0x00000000      0xb47 C:/Program Files (x86)/Atmel/Studio/7.0/Packs/atmel/ATtiny_DFP/1.8.332/gcc/dev/attiny1626/avrxmega3/crtattiny1626.o
 .debug_str     0x00000b47      0x1c7 src/ap/ap.o
                                0x200 (size before relaxing)
 .debug_str     0x00000d0e      0x195 src/bsp/bsp.o
                                0x368 (size before relaxing)
 .debug_str     0x00000ea3       0x9b src/common/core/qbuffer.o
                                0x244 (size before relaxing)
 .debug_str     0x00000f3e      0x3a6 src/hw/driver/cli.o
                                0x5bc (size before relaxing)
 .debug_str     0x000012e4      0x265 src/hw/driver/i2c.o
                                0x4ea (size before relaxing)
 .debug_str     0x00001549       0xc6 src/hw/driver/info.o
                                0x2e8 (size before relaxing)
 .debug_str     0x0000160f       0x73 src/hw/driver/led.o
                                0x2e8 (size before relaxing)
 .debug_str     0x00001682      0x129 src/hw/driver/reset.o
                                0x37c (size before relaxing)
 .debug_str     0x000017ab      0x151 src/hw/driver/uart.o
                                0x50f (size before relaxing)
 .debug_str     0x000018fc       0x16 src/hw/hw.o
                                0x1f9 (size before relaxing)
 .debug_str     0x00001912       0x13 src/main.o
                                0x1cf (size before relaxing)

.debug_loc      0x00000000     0x335c
 *(.debug_loc)
 .debug_loc     0x00000000      0x1a7 src/bsp/bsp.o
 .debug_loc     0x000001a7      0x439 src/common/core/qbuffer.o
 .debug_loc     0x000005e0     0x1343 src/hw/driver/cli.o
 .debug_loc     0x00001923      0x83d src/hw/driver/i2c.o
 .debug_loc     0x00002160      0x1b9 src/hw/driver/info.o
 .debug_loc     0x00002319      0x3f4 src/hw/driver/led.o
 .debug_loc     0x0000270d      0x290 src/hw/driver/reset.o
 .debug_loc     0x0000299d      0x9bf src/hw/driver/uart.o

.debug_macinfo
 *(.debug_macinfo)

.debug_weaknames
 *(.debug_weaknames)

.debug_funcnames
 *(.debug_funcnames)

.debug_typenames
 *(.debug_typenames)

.debug_varnames
 *(.debug_varnames)

.debug_pubtypes
 *(.debug_pubtypes)

.debug_ranges   0x00000000      0x338
 *(.debug_ranges)
 .debug_ranges  0x00000000       0x18 src/ap/ap.o
 .debug_ranges  0x00000018       0x30 src/bsp/bsp.o
 .debug_ranges  0x00000048       0x68 src/common/core/qbuffer.o
 .debug_ranges  0x000000b0       0xe8 src/hw/driver/cli.o
 .debug_ranges  0x00000198       0x70 src/hw/driver/i2c.o
 .debug_ranges  0x00000208       0x18 src/hw/driver/info.o
 .debug_ranges  0x00000220       0x28 src/hw/driver/led.o
 .debug_ranges  0x00000248       0x48 src/hw/driver/reset.o
 .debug_ranges  0x00000290       0x88 src/hw/driver/uart.o
 .debug_ranges  0x00000318       0x10 src/hw/hw.o
 .debug_ranges  0x00000328       0x10 src/main.o

.debug_macro
 *(.debug_macro)
OUTPUT(I2C.elf elf32-avr)
LOAD linker stubs
